c:\users\rovan\documents\mobilegames\vgp240winter2026\x\external\directxtk\audio\bin\desktop_2019\x64\debug\directxtkaudiowin8.pch
c:\users\rovan\documents\mobilegames\vgp240winter2026\x\external\directxtk\audio\bin\desktop_2019\x64\debug\directxtkaudiowin8.pdb
c:\users\rovan\documents\mobilegames\vgp240winter2026\x\external\directxtk\audio\bin\desktop_2019\x64\debug\directxtkaudiowin8.idb
c:\users\rovan\documents\mobilegames\vgp240winter2026\x\external\directxtk\audio\bin\desktop_2019\x64\debug\audioengine.obj
c:\users\rovan\documents\mobilegames\vgp240winter2026\x\external\directxtk\audio\bin\desktop_2019\x64\debug\wavfilereader.obj
c:\users\rovan\documents\mobilegames\vgp240winter2026\x\external\directxtk\audio\bin\desktop_2019\x64\debug\wavebankreader.obj
c:\users\rovan\documents\mobilegames\vgp240winter2026\x\external\directxtk\audio\bin\desktop_2019\x64\debug\wavebank.obj
c:\users\rovan\documents\mobilegames\vgp240winter2026\x\external\directxtk\audio\bin\desktop_2019\x64\debug\soundstreaminstance.obj
c:\users\rovan\documents\mobilegames\vgp240winter2026\x\external\directxtk\audio\bin\desktop_2019\x64\debug\soundeffectinstance.obj
c:\users\rovan\documents\mobilegames\vgp240winter2026\x\external\directxtk\audio\bin\desktop_2019\x64\debug\soundeffect.obj
c:\users\rovan\documents\mobilegames\vgp240winter2026\x\external\directxtk\audio\bin\desktop_2019\x64\debug\soundcommon.obj
c:\users\rovan\documents\mobilegames\vgp240winter2026\x\external\directxtk\audio\bin\desktop_2019\x64\debug\dynamicsoundeffectinstance.obj
c:\users\rovan\documents\mobilegames\vgp240winter2026\x\external\directxtk\audio\bin\desktop_2019\x64\debug\directxtkaudiowin8.lib
c:\users\rovan\documents\mobilegames\vgp240winter2026\x\external\directxtk\audio\bin\desktop_2019\x64\debug\directxt.4f150a30.tlog\cl.command.1.tlog
c:\users\rovan\documents\mobilegames\vgp240winter2026\x\external\directxtk\audio\bin\desktop_2019\x64\debug\directxt.4f150a30.tlog\cl.items.tlog
c:\users\rovan\documents\mobilegames\vgp240winter2026\x\external\directxtk\audio\bin\desktop_2019\x64\debug\directxt.4f150a30.tlog\cl.read.1.tlog
c:\users\rovan\documents\mobilegames\vgp240winter2026\x\external\directxtk\audio\bin\desktop_2019\x64\debug\directxt.4f150a30.tlog\cl.write.1.tlog
c:\users\rovan\documents\mobilegames\vgp240winter2026\x\external\directxtk\audio\bin\desktop_2019\x64\debug\directxt.4f150a30.tlog\lib-link.read.1.tlog
c:\users\rovan\documents\mobilegames\vgp240winter2026\x\external\directxtk\audio\bin\desktop_2019\x64\debug\directxt.4f150a30.tlog\lib-link.write.1.tlog
c:\users\rovan\documents\mobilegames\vgp240winter2026\x\external\directxtk\audio\bin\desktop_2019\x64\debug\directxt.4f150a30.tlog\lib.command.1.tlog
